euqef	 DER=5.503%	 miss=4.434%	 fa=1.069%	 conf=0.000%	 rt=184.1x	 spk=1	 turns=3
fuzfh	 DER=11.377%	 miss=3.295%	 fa=4.355%	 conf=3.727%	 rt=140.6x	 spk=3	 turns=3
msbyq	 DER=5.287%	 miss=1.389%	 fa=1.308%	 conf=2.590%	 rt=160.1x	 spk=3	 turns=7

=== Aggregate DER over 3 files (collar=0.00s) ===
  der_collar    : macro=7.39%  micro=7.11%
  der_no_collar : macro=7.39%  micro=7.11%
        1.76 real         3.38 user         0.10 sys
           478724096  maximum resident set size
                   0  average shared memory size
                   0  average unshared data size
                   0  average unshared stack size
               30138  page reclaims
                  18  page faults
                   0  swaps
                   0  block input operations
                   0  block output operations
                   0  messages sent
                   0  messages received
                   0  signals received
                   2  voluntary context switches
                1792  involuntary context switches
         35769708973  instructions retired
          9562943507  cycles elapsed
           464783424  peak memory footprint
