euqef	 DER=5.424%	 miss=4.434%	 fa=0.990%	 conf=0.000%	 rt=154.0x	 spk=1	 turns=3
fuzfh	 DER=11.652%	 miss=3.570%	 fa=4.355%	 conf=3.727%	 rt=95.7x	 spk=3	 turns=3
msbyq	 DER=4.913%	 miss=1.949%	 fa=0.481%	 conf=2.483%	 rt=117.5x	 spk=3	 turns=5

=== Aggregate DER over 3 files (collar=0.00s) ===
  der_collar    : macro=7.33%  micro=7.01%
  der_no_collar : macro=7.33%  micro=7.01%
        1.04 real         3.77 user         0.09 sys
           464502784  maximum resident set size
                   0  average shared memory size
                   0  average unshared data size
                   0  average unshared stack size
               29264  page reclaims
                  18  page faults
                   0  swaps
                   0  block input operations
                   0  block output operations
                   0  messages sent
                   0  messages received
                   0  signals received
                   2  voluntary context switches
                 752  involuntary context switches
         60609882609  instructions retired
         11727499226  cycles elapsed
           453986304  peak memory footprint
