euqef	 DER=5.424%	 miss=4.434%	 fa=0.990%	 conf=0.000%	 rt=158.1x	 spk=1	 turns=3
fuzfh	 DER=11.652%	 miss=3.570%	 fa=4.355%	 conf=3.727%	 rt=96.0x	 spk=3	 turns=3
msbyq	 DER=4.913%	 miss=1.949%	 fa=0.481%	 conf=2.483%	 rt=93.3x	 spk=3	 turns=5

=== Aggregate DER over 3 files (collar=0.00s) ===
  der_collar    : macro=7.33%  micro=7.01%
  der_no_collar : macro=7.33%  micro=7.01%
        1.11 real         3.76 user         0.08 sys
           463732736  maximum resident set size
                   0  average shared memory size
                   0  average unshared data size
                   0  average unshared stack size
               29200  page reclaims
                  29  page faults
                   0  swaps
                   0  block input operations
                   0  block output operations
                   0  messages sent
                   0  messages received
                   0  signals received
                   3  voluntary context switches
                 570  involuntary context switches
         60595791129  instructions retired
         11688082513  cycles elapsed
           453167040  peak memory footprint
