---
source: tests/snapshot_cli_test.rs
expression: stdout
---
Speaker diarization toolkit

Usage: polyvoice [OPTIONS] [WAV]
       polyvoice <COMMAND>

Commands:
  diarize          Run diarization on an audio file (same as the bare `polyvoice <file>` form)
  download-models  Download Mobile/Balanced ONNX models
  models           Inspect models registry
  completions      Generate shell completions to stdout
  schema           Print the JSON Schema of the diarization result to stdout (agent contract)
  help             Print this message or the help of the given subcommand(s)

Arguments:
  [WAV]  WAV file to diarize (mono 16 kHz). Rebuild with --features audio-io for mp3/flac/ogg/m4a and any-rate resampling

Options:
      --profile <PROFILE>
          [default: balanced]
      --output <OUTPUT>
          Write output to a file instead of stdout
      --format <FORMAT>
          Output format [default: rttm] [possible values: rttm, json, srt, vtt, txt]
      --models-cache <MODELS_CACHE>
          
      --threshold <THRESHOLD>
          AHC merge threshold on the active scorer's scale: raw cosine (default 0.45), or AS-norm z-score when `--as-norm` is set (default 4.0). `--domain-profile` overrides this with its calibrated value
      --speakers <SPEAKERS>
          Target speaker count (caps clustering at N speakers)
      --max-speakers <MAX_SPEAKERS>
          Maximum number of speakers (clustering ceiling)
      --quiet
          Suppress progress/info on stderr
      --json
          Machine mode: emit only the structured JSON result on stdout; route all human-readable output to stderr. Implies `--format json --quiet`
      --legacy
          Use the pre-0.11 legacy pipeline (Silero VAD + sliding-window embeddings + AHC) instead of the default v2 + VBx path
      --clusterer <CLUSTERER>
          Clusterer for the default (v2) path: `vbx` (PLDA + VB-HMM, automatic speaker count — the accuracy gate default) or `ahc` (fixed-threshold cosine AHC). `vbx` loads PLDA from `--vbx-plda-dir` / `POLYVOICE_VBX_PLDA_DIR`, or auto-downloads via the model registry. Ignored with `--legacy` [default: vbx]
      --vbx-plda-dir <VBX_PLDA_DIR>
          Directory with the precomputed VBx PLDA params (overrides `POLYVOICE_VBX_PLDA_DIR` and the registry auto-download). Used when `--clusterer vbx` (the default)
      --as-norm
          AS-norm score normalization for the AHC clusterer: pairwise cosine scores are z-normalized against an imposter cohort before merging, so one threshold generalizes across recording domains. Requires `--clusterer ahc`. Ignored with `--legacy`
      --cohort <COHORT>
          Imposter cohort for --as-norm: (N, 256) '<f4' .npy of speaker embeddings. Omitted = model-registry cohort, with the POLYVOICE_ASNORM_COHORT env override
      --domain-profile <DOMAIN_PROFILE>
          Per-domain scoring profile: voxconverse | ami | callhome. Overrides --threshold for the AHC clusterer with the profile's calibrated threshold and sets the AS-norm cohort size. Ignored with `--legacy`
      --embed-window <EMBED_WINDOW>
          v2 dense embedding window in seconds (e.g. `1.5`): split segments into overlapping sub-windows for more embeddings per speaker — lower confusion on clean audio at the cost of more embedder calls. Omit for one embedding/segment. Ignored with `--legacy`
      --execution-provider <EXECUTION_PROVIDER>
          ONNX execution provider: `auto` (CoreML on Apple Silicon, XNNPACK on aarch64 Linux, else CPU), `cpu`, `coreml`, `nnapi`, `cuda`, `xnnpack`. Providers not compiled into this build log a warning and run on CPU. Applies to the default v2 path; legacy keeps its built-in per-session defaults [default: auto]
      --exclusive
          Also emit a single-speaker (exclusive) timeline. In JSON this is the additive `exclusive_turns` field beside the overlap-aware `turns`. For RTTM/SRT/VTT/TXT the exclusive timeline is written instead (ASR- reconciliation surface — concurrent speakers are collapsed per frame)
      --latency-preset <PRESET>
          Streaming-aligned window geometry preset: `realtime` | `balanced` | `accurate`. Sets embedding window/hop (and max speakers ceiling) to match `polyvoice::streaming::LatencyPreset`. Default leaves config unchanged (balanced geometry is already the DiarizationConfig default)
  -h, --help
          Print help
  -V, --version
          Print version
