euqef	 DER=5.424%	 miss=4.434%	 fa=0.990%	 conf=0.000%	 rt=168.2x	 spk=1	 turns=3
fuzfh	 DER=11.652%	 miss=3.570%	 fa=4.355%	 conf=3.727%	 rt=84.2x	 spk=3	 turns=3
msbyq	 DER=4.913%	 miss=1.949%	 fa=0.481%	 conf=2.483%	 rt=120.6x	 spk=3	 turns=5

=== Aggregate DER over 3 files (collar=0.00s) ===
  der_collar    : macro=7.33%  micro=7.01%
  der_no_collar : macro=7.33%  micro=7.01%
        2.38 real         3.69 user         0.10 sys
           464158720  maximum resident set size
                   0  average shared memory size
                   0  average unshared data size
                   0  average unshared stack size
               29264  page reclaims
                   9  page faults
                   0  swaps
                   0  block input operations
                   0  block output operations
                   0  messages sent
                   0  messages received
                   0  signals received
                   1  voluntary context switches
                1000  involuntary context switches
         57672224399  instructions retired
         11228940600  cycles elapsed
           453609472  peak memory footprint
