euqef	 DER=5.424%	 miss=4.434%	 fa=0.990%	 conf=0.000%	 rt=168.5x	 spk=1	 turns=3
fuzfh	 DER=11.652%	 miss=3.570%	 fa=4.355%	 conf=3.727%	 rt=104.6x	 spk=3	 turns=3
msbyq	 DER=4.913%	 miss=1.949%	 fa=0.481%	 conf=2.483%	 rt=98.7x	 spk=3	 turns=5

=== Aggregate DER over 3 files (collar=0.00s) ===
  der_collar    : macro=7.33%  micro=7.01%
  der_no_collar : macro=7.33%  micro=7.01%
        1.97 real         3.60 user         0.08 sys
           462520320  maximum resident set size
                   0  average shared memory size
                   0  average unshared data size
                   0  average unshared stack size
               29156  page reclaims
                   9  page faults
                   0  swaps
                   0  block input operations
                   0  block output operations
                   0  messages sent
                   0  messages received
                   0  signals received
                   1  voluntary context switches
                 562  involuntary context switches
         57662533218  instructions retired
         11105671379  cycles elapsed
           451954624  peak memory footprint
