euqef	 DER=5.424%	 miss=4.434%	 fa=0.990%	 conf=0.000%	 rt=156.7x	 spk=1	 turns=3
fuzfh	 DER=11.652%	 miss=3.570%	 fa=4.355%	 conf=3.727%	 rt=95.7x	 spk=3	 turns=3
msbyq	 DER=4.913%	 miss=1.949%	 fa=0.481%	 conf=2.483%	 rt=98.2x	 spk=3	 turns=5

=== Aggregate DER over 3 files (collar=0.00s) ===
  der_collar    : macro=7.33%  micro=7.01%
  der_no_collar : macro=7.33%  micro=7.01%
        1.10 real         3.76 user         0.07 sys
           455737344  maximum resident set size
                   0  average shared memory size
                   0  average unshared data size
                   0  average unshared stack size
               28732  page reclaims
                   9  page faults
                   0  swaps
                   0  block input operations
                   0  block output operations
                   0  messages sent
                   0  messages received
                   0  signals received
                   1  voluntary context switches
                 522  involuntary context switches
         60590634208  instructions retired
         11632145819  cycles elapsed
           445171648  peak memory footprint
