   Compiling crossbeam-utils v0.8.21
   Compiling crossbeam-epoch v0.9.20
   Compiling rayon-core v1.13.0
   Compiling proc-macro2 v1.0.106
   Compiling unicode-ident v1.0.24
   Compiling quote v1.0.45
   Compiling either v1.16.0
   Compiling typeid v1.0.3
   Compiling shlex v2.0.1
   Compiling libc v0.2.186
   Compiling find-msvc-tools v0.1.9
   Compiling rten-base v0.25.0
   Compiling smallvec v1.15.2
   Compiling cc v1.2.64
   Compiling thiserror v2.0.18
   Compiling rten-simd v0.25.0
   Compiling polyvoice-kernels v0.1.3 (/Users/ekhodzitsky/src/polyvoice-fused-packing-experiment/polyvoice-kernels)
   Compiling crossbeam-deque v0.8.6
   Compiling memmap2 v0.9.11
   Compiling rayon v1.12.0
   Compiling syn v2.0.117
   Compiling thiserror-impl v2.0.18
   Compiling rten-parallel v0.25.0
   Compiling rten-tensor v0.25.0
   Compiling rten-gemm v0.25.0
    Finished `release` profile [optimized] target(s) in 24.45s
     Running unittests src/lib.rs (bench-results/fused-packing/target/release/deps/polyvoice_kernels-46bab9b870fe1b8b)

running 3 tests
test conv_i8::fused_pack_tests::bench_direct_packing_shapes ... ignored, manual paired convolution timing
test conv_i8::fused_pack_tests::direct_packing_convolution_matches_reference_bits ... ok
test conv_i8::fused_pack_tests::direct_zip_matches_scalar_layout_and_reference ... ok

test result: ok. 2 passed; 0 failed; 1 ignored; 0 measured; 62 filtered out; finished in 0.08s
