euqef	 DER=5.503%	 miss=4.434%	 fa=1.069%	 conf=0.000%	 rt=185.5x	 spk=1	 turns=3
fuzfh	 DER=11.377%	 miss=3.295%	 fa=4.355%	 conf=3.727%	 rt=135.8x	 spk=3	 turns=3
msbyq	 DER=5.287%	 miss=1.389%	 fa=1.308%	 conf=2.590%	 rt=160.2x	 spk=3	 turns=7

=== Aggregate DER over 3 files (collar=0.00s) ===
  der_collar    : macro=7.39%  micro=7.11%
  der_no_collar : macro=7.39%  micro=7.11%
        0.83 real         3.34 user         0.08 sys
           465190912  maximum resident set size
                   0  average shared memory size
                   0  average unshared data size
                   0  average unshared stack size
               29299  page reclaims
                   9  page faults
                   0  swaps
                   0  block input operations
                   0  block output operations
                   0  messages sent
                   0  messages received
                   0  signals received
                   0  voluntary context switches
                1243  involuntary context switches
         35753832954  instructions retired
          9553854169  cycles elapsed
           451250240  peak memory footprint
