euqef	 DER=5.503%	 miss=4.434%	 fa=1.069%	 conf=0.000%	 rt=192.1x	 spk=1	 turns=3
fuzfh	 DER=11.377%	 miss=3.295%	 fa=4.355%	 conf=3.727%	 rt=150.8x	 spk=3	 turns=3
msbyq	 DER=5.287%	 miss=1.389%	 fa=1.308%	 conf=2.590%	 rt=150.3x	 spk=3	 turns=7

=== Aggregate DER over 3 files (collar=0.00s) ===
  der_collar    : macro=7.39%  micro=7.11%
  der_no_collar : macro=7.39%  micro=7.11%
        0.81 real         3.20 user         0.08 sys
           467861504  maximum resident set size
                   0  average shared memory size
                   0  average unshared data size
                   0  average unshared stack size
               29471  page reclaims
                   9  page faults
                   0  swaps
                   0  block input operations
                   0  block output operations
                   0  messages sent
                   0  messages received
                   0  signals received
                   0  voluntary context switches
                1239  involuntary context switches
         35758428210  instructions retired
          9187929563  cycles elapsed
           453937280  peak memory footprint
