euqef	 DER=5.503%	 miss=4.434%	 fa=1.069%	 conf=0.000%	 rt=186.1x	 spk=1	 turns=3
fuzfh	 DER=11.377%	 miss=3.295%	 fa=4.355%	 conf=3.727%	 rt=146.6x	 spk=3	 turns=3
msbyq	 DER=5.287%	 miss=1.389%	 fa=1.308%	 conf=2.590%	 rt=162.6x	 spk=3	 turns=7

=== Aggregate DER over 3 files (collar=0.00s) ===
  der_collar    : macro=7.39%  micro=7.11%
  der_no_collar : macro=7.39%  micro=7.11%
        0.82 real         3.24 user         0.08 sys
           473415680  maximum resident set size
                   0  average shared memory size
                   0  average unshared data size
                   0  average unshared stack size
               29814  page reclaims
                  17  page faults
                   0  swaps
                   0  block input operations
                   0  block output operations
                   0  messages sent
                   0  messages received
                   0  signals received
                  23  voluntary context switches
                1310  involuntary context switches
         35768394069  instructions retired
          9305350884  cycles elapsed
           459491456  peak memory footprint
